
> bundle exec jekyll s -l -H 127.0.0.1

Configuration file: /Users/clang/Desktop/_zero/private/clang-engineer.github.io/_config.yml
 Theme Config file: /Users/clang/Desktop/_zero/private/clang-engineer.github.io/_config.yml
            Source: /Users/clang/Desktop/_zero/private/clang-engineer.github.io
       Destination: /Users/clang/Desktop/_zero/private/clang-engineer.github.io/_site
 Incremental build: disabled. Enable with --incremental
      Generating... 
fatal: ambiguous argument '/Users/clang/Desktop/_zero/private/clang-engineer.github.io/_posts/spring-boot/2025-09-23-docker-summary.md': unknown revision or path not in the working tree.
Use '--' to separate paths from revisions, like this:
'git <command> [<revision>...] -- [<file>...]'
fatal: ambiguous argument '/Users/clang/Desktop/_zero/private/clang-engineer.github.io/_posts/vim/2024-09-15-learn-vimscript-the-hard-way.md': unknown revision or path not in the working tree.
Use '--' to separate paths from revisions, like this:
'git <command> [<revision>...] -- [<file>...]'
fatal: ambiguous argument '/Users/clang/Desktop/_zero/private/clang-engineer.github.io/_posts/vim/2025-09-24-vim-register.md': unknown revision or path not in the working tree.
Use '--' to separate paths from revisions, like this:
'git <command> [<revision>...] -- [<file>...]'
fatal: ambiguous argument '/Users/clang/Desktop/_zero/private/clang-engineer.github.io/_posts/vim/2025-10-04-vim-core-engine.md': unknown revision or path not in the working tree.
Use '--' to separate paths from revisions, like this:
'git <command> [<revision>...] -- [<file>...]'
fatal: ambiguous argument '/Users/clang/Desktop/_zero/private/clang-engineer.github.io/_posts/vim/2026-06-15-vimscript-syntax-guide.md': unknown revision or path not in the working tree.
Use '--' to separate paths from revisions, like this:
'git <command> [<revision>...] -- [<file>...]'
[31m             Error: could not read file /Users/clang/Desktop/_zero/private/clang-engineer.github.io/_posts/cpp/2022-07-17-c-compile-extension-err.md: No such file or directory @ rb_sysopen - /Users/clang/Desktop/_zero/private/clang-engineer.github.io/_posts/cpp/2022-07-17-c-compile-extension-err.md[0m
[31m             Error: could not read file /Users/clang/Desktop/_zero/private/clang-engineer.github.io/_posts/docker/2023-12-16-operation-not-permitted.md: No such file or directory @ rb_sysopen - /Users/clang/Desktop/_zero/private/clang-engineer.github.io/_posts/docker/2023-12-16-operation-not-permitted.md[0m
[31m             Error: could not read file /Users/clang/Desktop/_zero/private/clang-engineer.github.io/_posts/etc/2022-02-05-pc-init-setting.md: No such file or directory @ rb_sysopen - /Users/clang/Desktop/_zero/private/clang-engineer.github.io/_posts/etc/2022-02-05-pc-init-setting.md[0m
[31m             Error: could not read file /Users/clang/Desktop/_zero/private/clang-engineer.github.io/_posts/java/2026-06-07-jpa-memo.md: No such file or directory @ rb_sysopen - /Users/clang/Desktop/_zero/private/clang-engineer.github.io/_posts/java/2026-06-07-jpa-memo.md[0m
[31m             Error: could not read file /Users/clang/Desktop/_zero/private/clang-engineer.github.io/_posts/javascript/2021-12-03-axios-collection-send-err.md: No such file or directory @ rb_sysopen - /Users/clang/Desktop/_zero/private/clang-engineer.github.io/_posts/javascript/2021-12-03-axios-collection-send-err.md[0m
[31m             Error: could not read file /Users/clang/Desktop/_zero/private/clang-engineer.github.io/_posts/javascript/2022-07-12-npm-issue.md: No such file or directory @ rb_sysopen - /Users/clang/Desktop/_zero/private/clang-engineer.github.io/_posts/javascript/2022-07-12-npm-issue.md[0m
[31m             Error: could not read file /Users/clang/Desktop/_zero/private/clang-engineer.github.io/_posts/javascript/2025-03-30-node-err.md: No such file or directory @ rb_sysopen - /Users/clang/Desktop/_zero/private/clang-engineer.github.io/_posts/javascript/2025-03-30-node-err.md[0m
[31m             Error: could not read file /Users/clang/Desktop/_zero/private/clang-engineer.github.io/_posts/opensource/2026-06-12-jekyll-chirpy-pageviews-goatcounter.md: No such file or directory @ rb_sysopen - /Users/clang/Desktop/_zero/private/clang-engineer.github.io/_posts/opensource/2026-06-12-jekyll-chirpy-pageviews-goatcounter.md[0m
[31m             Error: could not read file /Users/clang/Desktop/_zero/private/clang-engineer.github.io/_posts/opensource/2026-06-12-jekyll-chirpy-sub-categories.md: No such file or directory @ rb_sysopen - /Users/clang/Desktop/_zero/private/clang-engineer.github.io/_posts/opensource/2026-06-12-jekyll-chirpy-sub-categories.md[0m
[31m             Error: could not read file /Users/clang/Desktop/_zero/private/clang-engineer.github.io/_posts/opensource/2026-06-12-jekyll-chirpy-upstream-sync.md: No such file or directory @ rb_sysopen - /Users/clang/Desktop/_zero/private/clang-engineer.github.io/_posts/opensource/2026-06-12-jekyll-chirpy-upstream-sync.md[0m
[31m             Error: could not read file /Users/clang/Desktop/_zero/private/clang-engineer.github.io/_posts/spring-boot/2025-09-23-docker-summary.md: No such file or directory @ rb_sysopen - /Users/clang/Desktop/_zero/private/clang-engineer.github.io/_posts/spring-boot/2025-09-23-docker-summary.md[0m
[31m             Error: could not read file /Users/clang/Desktop/_zero/private/clang-engineer.github.io/_posts/vim/2024-09-15-learn-vimscript-the-hard-way.md: No such file or directory @ rb_sysopen - /Users/clang/Desktop/_zero/private/clang-engineer.github.io/_posts/vim/2024-09-15-learn-vimscript-the-hard-way.md[0m
[31m             Error: could not read file /Users/clang/Desktop/_zero/private/clang-engineer.github.io/_posts/vim/2025-09-24-vim-register.md: No such file or directory @ rb_sysopen - /Users/clang/Desktop/_zero/private/clang-engineer.github.io/_posts/vim/2025-09-24-vim-register.md[0m
[31m             Error: could not read file /Users/clang/Desktop/_zero/private/clang-engineer.github.io/_posts/vim/2025-10-04-vim-core-engine.md: No such file or directory @ rb_sysopen - /Users/clang/Desktop/_zero/private/clang-engineer.github.io/_posts/vim/2025-10-04-vim-core-engine.md[0m
[31m             Error: could not read file /Users/clang/Desktop/_zero/private/clang-engineer.github.io/_posts/vim/2026-06-15-vimscript-syntax-guide.md: No such file or directory @ rb_sysopen - /Users/clang/Desktop/_zero/private/clang-engineer.github.io/_posts/vim/2026-06-15-vimscript-syntax-guide.md[0m
                    done in 26.065 seconds.
 Auto-regeneration: enabled for '/Users/clang/Desktop/_zero/private/clang-engineer.github.io'
LiveReload address: http://127.0.0.1:35729
    Server address: http://127.0.0.1:4000/
  Server running... press ctrl-c to stop.
      Regenerating: 1 file(s) changed at 2026-06-19 20:29:29
                    nohup.out
[2026-06-19 20:29:31] ERROR '/' not found.
[2026-06-19 20:29:31] ERROR Errno::ENOENT: No such file or directory @ rb_sysopen - /Users/clang/Desktop/_zero/private/clang-engineer.github.io/_site/404.html
	/Users/clang/.rbenv/versions/3.1.7/lib/ruby/gems/3.1.0/gems/jekyll-4.4.1/lib/jekyll/commands/serve.rb:185:in `read'
	/Users/clang/.rbenv/versions/3.1.7/lib/ruby/gems/3.1.0/gems/jekyll-4.4.1/lib/jekyll/commands/serve.rb:185:in `create_error_page'
	/Users/clang/.rbenv/versions/3.1.7/lib/ruby/gems/3.1.0/gems/webrick-1.9.2/lib/webrick/httpresponse.rb:417:in `set_error'
	/Users/clang/.rbenv/versions/3.1.7/lib/ruby/gems/3.1.0/gems/webrick-1.9.2/lib/webrick/httpserver.rb:101:in `rescue in run'
	/Users/clang/.rbenv/versions/3.1.7/lib/ruby/gems/3.1.0/gems/webrick-1.9.2/lib/webrick/httpserver.rb:97:in `run'
	/Users/clang/.rbenv/versions/3.1.7/lib/ruby/gems/3.1.0/gems/webrick-1.9.2/lib/webrick/server.rb:309:in `block in start_thread'
[2026-06-19 20:29:37] ERROR '/' not found.
[2026-06-19 20:29:37] ERROR Errno::ENOENT: No such file or directory @ rb_sysopen - /Users/clang/Desktop/_zero/private/clang-engineer.github.io/_site/404.html
	/Users/clang/.rbenv/versions/3.1.7/lib/ruby/gems/3.1.0/gems/jekyll-4.4.1/lib/jekyll/commands/serve.rb:185:in `read'
	/Users/clang/.rbenv/versions/3.1.7/lib/ruby/gems/3.1.0/gems/jekyll-4.4.1/lib/jekyll/commands/serve.rb:185:in `create_error_page'
	/Users/clang/.rbenv/versions/3.1.7/lib/ruby/gems/3.1.0/gems/webrick-1.9.2/lib/webrick/httpresponse.rb:417:in `set_error'
	/Users/clang/.rbenv/versions/3.1.7/lib/ruby/gems/3.1.0/gems/webrick-1.9.2/lib/webrick/httpserver.rb:101:in `rescue in run'
	/Users/clang/.rbenv/versions/3.1.7/lib/ruby/gems/3.1.0/gems/webrick-1.9.2/lib/webrick/httpserver.rb:97:in `run'
	/Users/clang/.rbenv/versions/3.1.7/lib/ruby/gems/3.1.0/gems/webrick-1.9.2/lib/webrick/server.rb:309:in `block in start_thread'
[2026-06-19 20:29:38] ERROR '/' not found.
[2026-06-19 20:29:38] ERROR Errno::ENOENT: No such file or directory @ rb_sysopen - /Users/clang/Desktop/_zero/private/clang-engineer.github.io/_site/404.html
	/Users/clang/.rbenv/versions/3.1.7/lib/ruby/gems/3.1.0/gems/jekyll-4.4.1/lib/jekyll/commands/serve.rb:185:in `read'
	/Users/clang/.rbenv/versions/3.1.7/lib/ruby/gems/3.1.0/gems/jekyll-4.4.1/lib/jekyll/commands/serve.rb:185:in `create_error_page'
	/Users/clang/.rbenv/versions/3.1.7/lib/ruby/gems/3.1.0/gems/webrick-1.9.2/lib/webrick/httpresponse.rb:417:in `set_error'
	/Users/clang/.rbenv/versions/3.1.7/lib/ruby/gems/3.1.0/gems/webrick-1.9.2/lib/webrick/httpserver.rb:101:in `rescue in run'
	/Users/clang/.rbenv/versions/3.1.7/lib/ruby/gems/3.1.0/gems/webrick-1.9.2/lib/webrick/httpserver.rb:97:in `run'
	/Users/clang/.rbenv/versions/3.1.7/lib/ruby/gems/3.1.0/gems/webrick-1.9.2/lib/webrick/server.rb:309:in `block in start_thread'
[2026-06-19 20:29:42] ERROR '/' not found.
[2026-06-19 20:29:42] ERROR Errno::ENOENT: No such file or directory @ rb_sysopen - /Users/clang/Desktop/_zero/private/clang-engineer.github.io/_site/404.html
	/Users/clang/.rbenv/versions/3.1.7/lib/ruby/gems/3.1.0/gems/jekyll-4.4.1/lib/jekyll/commands/serve.rb:185:in `read'
	/Users/clang/.rbenv/versions/3.1.7/lib/ruby/gems/3.1.0/gems/jekyll-4.4.1/lib/jekyll/commands/serve.rb:185:in `create_error_page'
	/Users/clang/.rbenv/versions/3.1.7/lib/ruby/gems/3.1.0/gems/webrick-1.9.2/lib/webrick/httpresponse.rb:417:in `set_error'
	/Users/clang/.rbenv/versions/3.1.7/lib/ruby/gems/3.1.0/gems/webrick-1.9.2/lib/webrick/httpserver.rb:101:in `rescue in run'
	/Users/clang/.rbenv/versions/3.1.7/lib/ruby/gems/3.1.0/gems/webrick-1.9.2/lib/webrick/httpserver.rb:97:in `run'
	/Users/clang/.rbenv/versions/3.1.7/lib/ruby/gems/3.1.0/gems/webrick-1.9.2/lib/webrick/server.rb:309:in `block in start_thread'
[2026-06-19 20:29:42] ERROR '/' not found.
[2026-06-19 20:29:42] ERROR Errno::ENOENT: No such file or directory @ rb_sysopen - /Users/clang/Desktop/_zero/private/clang-engineer.github.io/_site/404.html
	/Users/clang/.rbenv/versions/3.1.7/lib/ruby/gems/3.1.0/gems/jekyll-4.4.1/lib/jekyll/commands/serve.rb:185:in `read'
	/Users/clang/.rbenv/versions/3.1.7/lib/ruby/gems/3.1.0/gems/jekyll-4.4.1/lib/jekyll/commands/serve.rb:185:in `create_error_page'
	/Users/clang/.rbenv/versions/3.1.7/lib/ruby/gems/3.1.0/gems/webrick-1.9.2/lib/webrick/httpresponse.rb:417:in `set_error'
	/Users/clang/.rbenv/versions/3.1.7/lib/ruby/gems/3.1.0/gems/webrick-1.9.2/lib/webrick/httpserver.rb:101:in `rescue in run'
	/Users/clang/.rbenv/versions/3.1.7/lib/ruby/gems/3.1.0/gems/webrick-1.9.2/lib/webrick/httpserver.rb:97:in `run'
	/Users/clang/.rbenv/versions/3.1.7/lib/ruby/gems/3.1.0/gems/webrick-1.9.2/lib/webrick/server.rb:309:in `block in start_thread'
[33m          Skipping: _posts/neovim/2026-06-19-neovim-async-vim-uv-system.md has a future date[0m
                    ...done in 23.325528 seconds.
                    
      Regenerating: 13 file(s) changed at 2026-06-19 20:29:53
                    _posts/jekyll/2026-06-12-jekyll-chirpy-upstream-sync.md
                    _posts/jekyll/2026-06-12-jekyll-chirpy-sub-categories.md
                    _posts/jekyll/2026-06-15-jekyll-future-date-skip.md
                    _posts/jekyll/2026-06-16-jekyll-sudo-root-owned-cache-eacces.md
                    _posts/jekyll/2026-06-12-jekyll-chirpy-pageviews-goatcounter.md
                    _posts/neovim/2025-10-04-vim-core-engine.md
                    _posts/neovim/2025-09-24-vim-register.md
                    _posts/neovim/2024-09-15-learn-vimscript-the-hard-way.md
                    _posts/neovim/2026-06-15-vimscript-syntax-guide.md
                    _posts/neovim/2026-06-16-neovim-roadmap.md
                    _posts/spring-boot/2025-10-02-docker-build-deploy.md
                    nohup.out
                    _posts/neovim/2026-06-19-neovim-plugin-vimdoc-panvimdoc.md
[33m          Skipping: _posts/neovim/2026-06-19-neovim-async-vim-uv-system.md has a future date[0m
[33m          Skipping: _posts/neovim/2026-06-19-neovim-plugin-vimdoc-panvimdoc.md has a future date[0m
                    ...done in 26.835868 seconds.
                    
      Regenerating: 2 file(s) changed at 2026-06-19 20:30:20
                    nohup.out
                    _posts/neovim/2026-06-16-neovim-roadmap.md
        LiveReload: Browser connected
[33m          Skipping: _posts/neovim/2026-06-19-neovim-async-vim-uv-system.md has a future date[0m
[33m          Skipping: _posts/neovim/2026-06-19-neovim-plugin-vimdoc-panvimdoc.md has a future date[0m
                    ...done in 25.026169 seconds.
                    
      Regenerating: 1 file(s) changed at 2026-06-19 20:30:45
                    _posts/neovim/2026-06-16-neovim-roadmap.md
[33m          Skipping: _posts/neovim/2026-06-19-neovim-async-vim-uv-system.md has a future date[0m
[33m          Skipping: _posts/neovim/2026-06-19-neovim-plugin-vimdoc-panvimdoc.md has a future date[0m
                    ...done in 26.739637 seconds.
                    
      Regenerating: 1 file(s) changed at 2026-06-19 20:32:04
                    _includes/design-pattern-series.html
[33m          Skipping: _posts/neovim/2026-06-19-neovim-async-vim-uv-system.md has a future date[0m
[33m          Skipping: _posts/neovim/2026-06-19-neovim-plugin-vimdoc-panvimdoc.md has a future date[0m
                    ...done in 26.80305 seconds.
                    
